// Jest Snapshot v1, https://goo.gl/fbAQLP

exports[`RegistedListItem should 1`] = `
<div
  className="RegistedListItem"
>
  <WithStyles(ListItem)
    component="a"
    href="https://google/co.jp"
  >
    <WithStyles(ListItemText)
      className="RegistedListItem-Text"
      primary="test"
    />
    <WithStyles(ListItemSecondaryAction)>
      <WithStyles(IconButton)
        aria-label="Delete"
      >
        <pure(Delete) />
      </WithStyles(IconButton)>
    </WithStyles(ListItemSecondaryAction)>
  </WithStyles(ListItem)>
</div>
`;
