// Jest Snapshot v1, https://goo.gl/fbAQLP

exports[`Menus should 1`] = `
<div
  className="Menus"
>
  <Icon>
    <pure(PowerSettingsNew) />
  </Icon>
  <Icon>
    <pure(Refresh) />
  </Icon>
  <Icon>
    <pure(RssFeed) />
  </Icon>
  <Icon>
    <pure(IndeterminateCheckBox) />
  </Icon>
  <Icon>
    <pure(Settings) />
  </Icon>
  <Icon>
    <GoMarkGithub />
  </Icon>
</div>
`;
