// Jest Snapshot v1, https://goo.gl/fbAQLP

exports[`Menus should 1`] = `
<div
  className="Menus"
>
  <Icon>
    <pure(PowerSettingsNew) />
  </Icon>
  <Icon>
    <pure(Refresh) />
  </Icon>
  <Icon>
    <pure(RssFeed)
      onClick={[Function]}
    />
    <RegistedListModal
      handleClose={[Function]}
      open={false}
      registedlist={Array []}
    />
  </Icon>
  <Icon>
    <pure(IndeterminateCheckBox) />
  </Icon>
  <Icon>
    <pure(Settings)
      onClick={[Function]}
    />
    <SettingModal
      handleClose={[Function]}
      open={false}
    />
  </Icon>
  <Icon>
    <GoMarkGithub />
  </Icon>
</div>
`;
