// Jest Snapshot v1, https://goo.gl/fbAQLP

exports[`Menus should 1`] = `
<div
  className="Menus"
>
  <Icon>
    <pure(PowerSettingsNew)
      onClick={[Function]}
    />
  </Icon>
  <Icon>
    <pure(Refresh)
      className=""
      onClick={[Function]}
    />
  </Icon>
  <Icon>
    <pure(RssFeed)
      onClick={[Function]}
    />
    <RegistedListModal
      electronUtil={
        Object {
          "closeApp": [MockFunction],
          "minimizeApp": [MockFunction],
          "openBrowser": [MockFunction],
        }
      }
      handleClose={[Function]}
      open={false}
      store={
        Object {
          "FeedListStore": Object {
            "deleteFeedList": [MockFunction],
            "feedList": Array [],
            "getFeedList": [MockFunction],
            "setFeedList": [MockFunction],
          },
          "ItemStore": Object {
            "add": [MockFunction],
            "getSettings": [MockFunction],
            "items": Array [],
            "loading": false,
            "setSetting": [MockFunction],
            "setTimer": [MockFunction],
            "timerId": "dummy",
            "updateDate": "09:12:34",
            "updateDuration": 5,
          },
        }
      }
    />
  </Icon>
  <Icon>
    <pure(IndeterminateCheckBox)
      onClick={[Function]}
    />
  </Icon>
  <Icon>
    <pure(Settings)
      onClick={[Function]}
    />
    <SettingModal
      handleClose={[Function]}
      open={false}
      store={
        Object {
          "FeedListStore": Object {
            "deleteFeedList": [MockFunction],
            "feedList": Array [],
            "getFeedList": [MockFunction],
            "setFeedList": [MockFunction],
          },
          "ItemStore": Object {
            "add": [MockFunction],
            "getSettings": [MockFunction],
            "items": Array [],
            "loading": false,
            "setSetting": [MockFunction],
            "setTimer": [MockFunction],
            "timerId": "dummy",
            "updateDate": "09:12:34",
            "updateDuration": 5,
          },
        }
      }
    />
  </Icon>
  <Icon>
    <GoMarkGithub
      onClick={[Function]}
    />
  </Icon>
</div>
`;
