// Jest Snapshot v1, https://goo.gl/fbAQLP

exports[`Page should 1`] = `
<div
  className="Page"
>
  <Side
    store={
      Object {
        "ItemStore": Object {
          "add": [Function],
          "getSettings": [Function],
          "items": Array [],
          "loading": false,
          "setSetting": [Function],
          "updateDate": "09:12:34",
          "updateDuration": 5,
        },
        "RssListStore": Object {
          "deleteRssList": [Function],
          "getRssList": [Function],
          "rssList": Array [
            Object {
              "name": "google",
              "url": "https://www.google.co.jp/",
            },
            Object {
              "name": "yahoo",
              "url": "https://www.yahoo.co.jp/",
            },
          ],
          "setRssList": [Function],
        },
      }
    }
  />
  <Header
    store={
      Object {
        "ItemStore": Object {
          "add": [Function],
          "getSettings": [Function],
          "items": Array [],
          "loading": false,
          "setSetting": [Function],
          "updateDate": "09:12:34",
          "updateDuration": 5,
        },
        "RssListStore": Object {
          "deleteRssList": [Function],
          "getRssList": [Function],
          "rssList": Array [
            Object {
              "name": "google",
              "url": "https://www.google.co.jp/",
            },
            Object {
              "name": "yahoo",
              "url": "https://www.yahoo.co.jp/",
            },
          ],
          "setRssList": [Function],
        },
      }
    }
  />
  <div
    className="main"
  />
</div>
`;
