// Jest Snapshot v1, https://goo.gl/fbAQLP

exports[`snapshot 1`] = `
<div
  className="ui blue inverted pointing secondary head menu"
>
  <a
    className="link item"
    onClick={[Function]}
  >
    <i
      aria-hidden="true"
      className="home large icon"
    />
  </a>
  <div
    className="item"
    onClick={[Function]}
  >
    <h3
      className="ui inverted header"
    >
      Home
    </h3>
  </div>
</div>
`;
