// Jest Snapshot v1, https://goo.gl/fbAQLP

exports[`snapshot icon 1`] = `
<i
  aria-hidden="true"
  className="teal settings icon"
  onBlur={[Function]}
  onClick={[Function]}
  onFocus={[Function]}
  onMouseEnter={[Function]}
  onMouseLeave={[Function]}
/>
`;

exports[`snapshot modal open 1`] = `"<div class=\\"ui modal transition visible active\\"><div class=\\"header\\">Settings</div><div class=\\"scrolling content\\"><div><ul class=\\"settingsInputList\\"><li><div class=\\"ui left labeled input settingsInputTag\\"><div class=\\"ui tag label\\">Update Duration</div><div class=\\"ui input settingsInput\\"><input type=\\"text\\" value=\\"5\\"></div><div class=\\"ui basic label\\">min</div></div></li></ul></div></div><div class=\\"actions\\"><button class=\\"ui red button\\" role=\\"button\\"><i aria-hidden=\\"true\\" class=\\"remove icon\\"></i>No</button><button class=\\"ui green button\\" role=\\"button\\"><i aria-hidden=\\"true\\" class=\\"checkmark icon\\"></i>Yes</button></div></div>"`;
